// Jest Snapshot v1, https://goo.gl/fbAQLP

exports[`ImageComponent tests <figure> tag renders properly 1`] = `
<figure
  class="figure"
  id="test-image"
>
  <figcaption
    class="figcaption"
  >
    Test image description
  </figcaption>
  <img
    alt="test image alt_description"
    class="img"
    data-nimg="fill"
    decoding="async"
    loading="lazy"
    sizes="100vw"
    src="/_next/image?url=https%3A%2F%2Fimages.unsplash.com%2Fphoto-1682687982167-d7fb3ed8541d%3Fcrop%3Dentropy%26cs%3Dtinysrgb%26fit%3Dmax%26fm%3Djpg%26ixid%3DM3w1NDIzOTl8MXwxfGFsbHwxfHx8fHx8Mnx8MTcwNTQxOTAzOXw%26ixlib%3Drb-4.0.3%26q%3D80%26w%3D400&w=3840&q=75"
    srcset="/_next/image?url=https%3A%2F%2Fimages.unsplash.com%2Fphoto-1682687982167-d7fb3ed8541d%3Fcrop%3Dentropy%26cs%3Dtinysrgb%26fit%3Dmax%26fm%3Djpg%26ixid%3DM3w1NDIzOTl8MXwxfGFsbHwxfHx8fHx8Mnx8MTcwNTQxOTAzOXw%26ixlib%3Drb-4.0.3%26q%3D80%26w%3D400&w=640&q=75 640w, /_next/image?url=https%3A%2F%2Fimages.unsplash.com%2Fphoto-1682687982167-d7fb3ed8541d%3Fcrop%3Dentropy%26cs%3Dtinysrgb%26fit%3Dmax%26fm%3Djpg%26ixid%3DM3w1NDIzOTl8MXwxfGFsbHwxfHx8fHx8Mnx8MTcwNTQxOTAzOXw%26ixlib%3Drb-4.0.3%26q%3D80%26w%3D400&w=750&q=75 750w, /_next/image?url=https%3A%2F%2Fimages.unsplash.com%2Fphoto-1682687982167-d7fb3ed8541d%3Fcrop%3Dentropy%26cs%3Dtinysrgb%26fit%3Dmax%26fm%3Djpg%26ixid%3DM3w1NDIzOTl8MXwxfGFsbHwxfHx8fHx8Mnx8MTcwNTQxOTAzOXw%26ixlib%3Drb-4.0.3%26q%3D80%26w%3D400&w=828&q=75 828w, /_next/image?url=https%3A%2F%2Fimages.unsplash.com%2Fphoto-1682687982167-d7fb3ed8541d%3Fcrop%3Dentropy%26cs%3Dtinysrgb%26fit%3Dmax%26fm%3Djpg%26ixid%3DM3w1NDIzOTl8MXwxfGFsbHwxfHx8fHx8Mnx8MTcwNTQxOTAzOXw%26ixlib%3Drb-4.0.3%26q%3D80%26w%3D400&w=1080&q=75 1080w, /_next/image?url=https%3A%2F%2Fimages.unsplash.com%2Fphoto-1682687982167-d7fb3ed8541d%3Fcrop%3Dentropy%26cs%3Dtinysrgb%26fit%3Dmax%26fm%3Djpg%26ixid%3DM3w1NDIzOTl8MXwxfGFsbHwxfHx8fHx8Mnx8MTcwNTQxOTAzOXw%26ixlib%3Drb-4.0.3%26q%3D80%26w%3D400&w=1200&q=75 1200w, /_next/image?url=https%3A%2F%2Fimages.unsplash.com%2Fphoto-1682687982167-d7fb3ed8541d%3Fcrop%3Dentropy%26cs%3Dtinysrgb%26fit%3Dmax%26fm%3Djpg%26ixid%3DM3w1NDIzOTl8MXwxfGFsbHwxfHx8fHx8Mnx8MTcwNTQxOTAzOXw%26ixlib%3Drb-4.0.3%26q%3D80%26w%3D400&w=1920&q=75 1920w, /_next/image?url=https%3A%2F%2Fimages.unsplash.com%2Fphoto-1682687982167-d7fb3ed8541d%3Fcrop%3Dentropy%26cs%3Dtinysrgb%26fit%3Dmax%26fm%3Djpg%26ixid%3DM3w1NDIzOTl8MXwxfGFsbHwxfHx8fHx8Mnx8MTcwNTQxOTAzOXw%26ixlib%3Drb-4.0.3%26q%3D80%26w%3D400&w=2048&q=75 2048w, /_next/image?url=https%3A%2F%2Fimages.unsplash.com%2Fphoto-1682687982167-d7fb3ed8541d%3Fcrop%3Dentropy%26cs%3Dtinysrgb%26fit%3Dmax%26fm%3Djpg%26ixid%3DM3w1NDIzOTl8MXwxfGFsbHwxfHx8fHx8Mnx8MTcwNTQxOTAzOXw%26ixlib%3Drb-4.0.3%26q%3D80%26w%3D400&w=3840&q=75 3840w"
    style="position: absolute; height: 100%; width: 100%; left: 0px; top: 0px; right: 0px; bottom: 0px; color: transparent; background-size: cover; background-position: 50% 50%; background-repeat: no-repeat;"
  />
</figure>
`;

exports[`ImageComponent tests container matches snapshot 1`] = `
<div>
  <figure
    class="figure"
    id="test-image"
  >
    <figcaption
      class="figcaption"
    >
      Test image description
    </figcaption>
    <img
      alt="test image alt_description"
      class="img"
      data-nimg="fill"
      decoding="async"
      loading="lazy"
      sizes="100vw"
      src="/_next/image?url=https%3A%2F%2Fimages.unsplash.com%2Fphoto-1682687982167-d7fb3ed8541d%3Fcrop%3Dentropy%26cs%3Dtinysrgb%26fit%3Dmax%26fm%3Djpg%26ixid%3DM3w1NDIzOTl8MXwxfGFsbHwxfHx8fHx8Mnx8MTcwNTQxOTAzOXw%26ixlib%3Drb-4.0.3%26q%3D80%26w%3D400&w=3840&q=75"
      srcset="/_next/image?url=https%3A%2F%2Fimages.unsplash.com%2Fphoto-1682687982167-d7fb3ed8541d%3Fcrop%3Dentropy%26cs%3Dtinysrgb%26fit%3Dmax%26fm%3Djpg%26ixid%3DM3w1NDIzOTl8MXwxfGFsbHwxfHx8fHx8Mnx8MTcwNTQxOTAzOXw%26ixlib%3Drb-4.0.3%26q%3D80%26w%3D400&w=640&q=75 640w, /_next/image?url=https%3A%2F%2Fimages.unsplash.com%2Fphoto-1682687982167-d7fb3ed8541d%3Fcrop%3Dentropy%26cs%3Dtinysrgb%26fit%3Dmax%26fm%3Djpg%26ixid%3DM3w1NDIzOTl8MXwxfGFsbHwxfHx8fHx8Mnx8MTcwNTQxOTAzOXw%26ixlib%3Drb-4.0.3%26q%3D80%26w%3D400&w=750&q=75 750w, /_next/image?url=https%3A%2F%2Fimages.unsplash.com%2Fphoto-1682687982167-d7fb3ed8541d%3Fcrop%3Dentropy%26cs%3Dtinysrgb%26fit%3Dmax%26fm%3Djpg%26ixid%3DM3w1NDIzOTl8MXwxfGFsbHwxfHx8fHx8Mnx8MTcwNTQxOTAzOXw%26ixlib%3Drb-4.0.3%26q%3D80%26w%3D400&w=828&q=75 828w, /_next/image?url=https%3A%2F%2Fimages.unsplash.com%2Fphoto-1682687982167-d7fb3ed8541d%3Fcrop%3Dentropy%26cs%3Dtinysrgb%26fit%3Dmax%26fm%3Djpg%26ixid%3DM3w1NDIzOTl8MXwxfGFsbHwxfHx8fHx8Mnx8MTcwNTQxOTAzOXw%26ixlib%3Drb-4.0.3%26q%3D80%26w%3D400&w=1080&q=75 1080w, /_next/image?url=https%3A%2F%2Fimages.unsplash.com%2Fphoto-1682687982167-d7fb3ed8541d%3Fcrop%3Dentropy%26cs%3Dtinysrgb%26fit%3Dmax%26fm%3Djpg%26ixid%3DM3w1NDIzOTl8MXwxfGFsbHwxfHx8fHx8Mnx8MTcwNTQxOTAzOXw%26ixlib%3Drb-4.0.3%26q%3D80%26w%3D400&w=1200&q=75 1200w, /_next/image?url=https%3A%2F%2Fimages.unsplash.com%2Fphoto-1682687982167-d7fb3ed8541d%3Fcrop%3Dentropy%26cs%3Dtinysrgb%26fit%3Dmax%26fm%3Djpg%26ixid%3DM3w1NDIzOTl8MXwxfGFsbHwxfHx8fHx8Mnx8MTcwNTQxOTAzOXw%26ixlib%3Drb-4.0.3%26q%3D80%26w%3D400&w=1920&q=75 1920w, /_next/image?url=https%3A%2F%2Fimages.unsplash.com%2Fphoto-1682687982167-d7fb3ed8541d%3Fcrop%3Dentropy%26cs%3Dtinysrgb%26fit%3Dmax%26fm%3Djpg%26ixid%3DM3w1NDIzOTl8MXwxfGFsbHwxfHx8fHx8Mnx8MTcwNTQxOTAzOXw%26ixlib%3Drb-4.0.3%26q%3D80%26w%3D400&w=2048&q=75 2048w, /_next/image?url=https%3A%2F%2Fimages.unsplash.com%2Fphoto-1682687982167-d7fb3ed8541d%3Fcrop%3Dentropy%26cs%3Dtinysrgb%26fit%3Dmax%26fm%3Djpg%26ixid%3DM3w1NDIzOTl8MXwxfGFsbHwxfHx8fHx8Mnx8MTcwNTQxOTAzOXw%26ixlib%3Drb-4.0.3%26q%3D80%26w%3D400&w=3840&q=75 3840w"
      style="position: absolute; height: 100%; width: 100%; left: 0px; top: 0px; right: 0px; bottom: 0px; color: transparent; background-size: cover; background-position: 50% 50%; background-repeat: no-repeat;"
    />
  </figure>
</div>
`;
