// Jest Snapshot v1, https://goo.gl/fbAQLP

exports[`LayoutComponent Tests Mock children render properly 1`] = `
{
  "layout": undefined,
}
`;
